<?xml version="1.0" encoding="ISO-8859-1" ?>
<link_info>
   <banner>MSP430 Linker Unix v18.1.2.LTS</banner>
   <copyright>Copyright (c) 2003-2017 Texas Instruments Incorporated</copyright>
   <link_time>0x5b43cdd4</link_time>
   <link_errors>0x0</link_errors>
   <output_file>msp430bootld.out</output_file>
   <entry_point>
      <name>_c_int00_noinit_noargs</name>
      <address>0xf64a</address>
   </entry_point>
   <input_file_list>
      <input_file id="fl-1">
         <path>./</path>
         <kind>object</kind>
         <file>main.obj</file>
         <name>main.obj</name>
      </input_file>
      <input_file id="fl-8">
         <kind>object</kind>
         <file>&lt;internal&gt;</file>
         <name>&lt;internal&gt;</name>
      </input_file>
      <input_file id="fl-28">
         <path>/home/mw/ti/ccsv8/tools/compiler/ti-cgt-msp430_18.1.2.LTS/lib/</path>
         <kind>archive</kind>
         <file>rts430x_lc_ld_eabi.lib</file>
         <name>mult16_f5hw.asm.obj</name>
      </input_file>
      <input_file id="fl-29">
         <path>/home/mw/ti/ccsv8/tools/compiler/ti-cgt-msp430_18.1.2.LTS/lib/</path>
         <kind>archive</kind>
         <file>rts430x_lc_ld_eabi.lib</file>
         <name>mult32_f5hw.asm.obj</name>
      </input_file>
      <input_file id="fl-2a">
         <path>/home/mw/ti/ccsv8/tools/compiler/ti-cgt-msp430_18.1.2.LTS/lib/</path>
         <kind>archive</kind>
         <file>rts430x_lc_ld_eabi.lib</file>
         <name>mult64_f5hw.asm.obj</name>
      </input_file>
      <input_file id="fl-2b">
         <path>/home/mw/ti/ccsv8/tools/compiler/ti-cgt-msp430_18.1.2.LTS/lib/</path>
         <kind>archive</kind>
         <file>rts430x_lc_ld_eabi.lib</file>
         <name>mult1632_f5hw.asm.obj</name>
      </input_file>
      <input_file id="fl-2c">
         <path>/home/mw/ti/ccsv8/tools/compiler/ti-cgt-msp430_18.1.2.LTS/lib/</path>
         <kind>archive</kind>
         <file>rts430x_lc_ld_eabi.lib</file>
         <name>mult3264_f5hw.asm.obj</name>
      </input_file>
      <input_file id="fl-2d">
         <path>/home/mw/ti/ccsv8/tools/compiler/ti-cgt-msp430_18.1.2.LTS/lib/</path>
         <kind>archive</kind>
         <file>rts430x_lc_ld_eabi.lib</file>
         <name>lsr32.asm.obj</name>
      </input_file>
      <input_file id="fl-2e">
         <path>/home/mw/ti/ccsv8/tools/compiler/ti-cgt-msp430_18.1.2.LTS/lib/</path>
         <kind>archive</kind>
         <file>rts430x_lc_ld_eabi.lib</file>
         <name>boot.c.obj</name>
      </input_file>
      <input_file id="fl-2f">
         <path>/home/mw/ti/ccsv8/ccs_base/msp430/lib/FR59xx/</path>
         <kind>archive</kind>
         <file>MSPMPU_INIT_LIB_CCS_msp430_large_code_large_data.lib</file>
         <name>mpu_init.o</name>
      </input_file>
      <input_file id="fl-30">
         <path>/home/mw/ti/ccsv8/tools/compiler/ti-cgt-msp430_18.1.2.LTS/lib/</path>
         <kind>archive</kind>
         <file>rts430x_lc_ld_eabi.lib</file>
         <name>args_main.c.obj</name>
      </input_file>
      <input_file id="fl-31">
         <path>/home/mw/ti/ccsv8/tools/compiler/ti-cgt-msp430_18.1.2.LTS/lib/</path>
         <kind>archive</kind>
         <file>rts430x_lc_ld_eabi.lib</file>
         <name>autoinit.c.obj</name>
      </input_file>
      <input_file id="fl-32">
         <path>/home/mw/ti/ccsv8/tools/compiler/ti-cgt-msp430_18.1.2.LTS/lib/</path>
         <kind>archive</kind>
         <file>rts430x_lc_ld_eabi.lib</file>
         <name>asr32.asm.obj</name>
      </input_file>
      <input_file id="fl-33">
         <path>/home/mw/ti/ccsv8/tools/compiler/ti-cgt-msp430_18.1.2.LTS/lib/</path>
         <kind>archive</kind>
         <file>rts430x_lc_ld_eabi.lib</file>
         <name>startup.c.obj</name>
      </input_file>
      <input_file id="fl-34">
         <path>/home/mw/ti/ccsv8/tools/compiler/ti-cgt-msp430_18.1.2.LTS/lib/</path>
         <kind>archive</kind>
         <file>rts430x_lc_ld_eabi.lib</file>
         <name>pre_init.c.obj</name>
      </input_file>
      <input_file id="fl-35">
         <path>/home/mw/ti/ccsv8/tools/compiler/ti-cgt-msp430_18.1.2.LTS/lib/</path>
         <kind>archive</kind>
         <file>rts430x_lc_ld_eabi.lib</file>
         <name>cpy_tbl.c.obj</name>
      </input_file>
      <input_file id="fl-36">
         <path>/home/mw/ti/ccsv8/tools/compiler/ti-cgt-msp430_18.1.2.LTS/lib/</path>
         <kind>archive</kind>
         <file>rts430x_lc_ld_eabi.lib</file>
         <name>mult16.asm.obj</name>
      </input_file>
      <input_file id="fl-37">
         <path>/home/mw/ti/ccsv8/tools/compiler/ti-cgt-msp430_18.1.2.LTS/lib/</path>
         <kind>archive</kind>
         <file>rts430x_lc_ld_eabi.lib</file>
         <name>exit.c.obj</name>
      </input_file>
      <input_file id="fl-38">
         <path>/home/mw/ti/ccsv8/tools/compiler/ti-cgt-msp430_18.1.2.LTS/lib/</path>
         <kind>archive</kind>
         <file>rts430x_lc_ld_eabi.lib</file>
         <name>exit_gvars.c.obj</name>
      </input_file>
      <input_file id="fl-39">
         <path>/home/mw/ti/ccsv8/tools/compiler/ti-cgt-msp430_18.1.2.LTS/lib/</path>
         <kind>archive</kind>
         <file>rts430x_lc_ld_eabi.lib</file>
         <name>_lock.c.obj</name>
      </input_file>
      <input_file id="fl-3a">
         <path>/home/mw/ti/ccsv8/tools/compiler/ti-cgt-msp430_18.1.2.LTS/lib/</path>
         <kind>archive</kind>
         <file>rts430x_lc_ld_eabi.lib</file>
         <name>memcpy.c.obj</name>
      </input_file>
   </input_file_list>
   <object_component_list>
      <object_component id="oc-614">
         <name>.common:gbuffer</name>
         <uninitialized>true</uninitialized>
         <run_address>0x1c08</run_address>
         <size>0x20</size>
      </object_component>
      <object_component id="oc-5af">
         <name>.data</name>
         <load_address>0x1c28</load_address>
         <run_address>0x1c28</run_address>
         <size>0x4</size>
         <input_file_ref idref="fl-1"/>
      </object_component>
      <object_component id="oc-545">
         <name>.stack</name>
         <uninitialized>true</uninitialized>
         <run_address>0x2360</run_address>
         <size>0x4</size>
         <input_file_ref idref="fl-2e"/>
      </object_component>
      <object_component id="oc-6ff">
         <name>.stack</name>
         <uninitialized>true</uninitialized>
         <run_address>0x2360</run_address>
         <size>0x0</size>
      </object_component>
      <object_component id="oc-5b8">
         <name>.text:bootloader_state_machine</name>
         <load_address>0xf000</load_address>
         <run_address>0xf000</run_address>
         <size>0x1d2</size>
         <input_file_ref idref="fl-1"/>
      </object_component>
      <object_component id="oc-5a3">
         <name>.text:min_hw_init</name>
         <load_address>0xf1d2</load_address>
         <run_address>0xf1d2</run_address>
         <size>0xe0</size>
         <input_file_ref idref="fl-1"/>
      </object_component>
      <object_component id="oc-629">
         <name>.text:erase_app_direct</name>
         <load_address>0xf2b2</load_address>
         <run_address>0xf2b2</run_address>
         <size>0xda</size>
         <input_file_ref idref="fl-1"/>
      </object_component>
      <object_component id="oc-61d">
         <name>.text:readbytedirect</name>
         <load_address>0xf38c</load_address>
         <run_address>0xf38c</run_address>
         <size>0x82</size>
         <input_file_ref idref="fl-1"/>
      </object_component>
      <object_component id="oc-617">
         <name>.text:writebytedirect</name>
         <load_address>0xf40e</load_address>
         <run_address>0xf40e</run_address>
         <size>0x80</size>
         <input_file_ref idref="fl-1"/>
      </object_component>
      <object_component id="oc-685">
         <name>.text:get_physical_address_from_virtual</name>
         <load_address>0xf48e</load_address>
         <run_address>0xf48e</run_address>
         <size>0x64</size>
         <input_file_ref idref="fl-1"/>
      </object_component>
      <object_component id="oc-586">
         <name>.text:main</name>
         <load_address>0xf4f2</load_address>
         <run_address>0xf4f2</run_address>
         <size>0x4a</size>
         <input_file_ref idref="fl-1"/>
      </object_component>
      <object_component id="oc-674">
         <name>.text:l_lsr_const</name>
         <load_address>0xf53c</load_address>
         <run_address>0xf53c</run_address>
         <size>0x3e</size>
         <input_file_ref idref="fl-2d"/>
      </object_component>
      <object_component id="oc-603">
         <name>.text:MPU_init</name>
         <load_address>0xf57a</load_address>
         <run_address>0xf57a</run_address>
         <size>0x38</size>
         <input_file_ref idref="fl-1"/>
      </object_component>
      <object_component id="oc-5a9">
         <name>.text:UART_init</name>
         <load_address>0xf5b2</load_address>
         <run_address>0xf5b2</run_address>
         <size>0x2e</size>
         <input_file_ref idref="fl-1"/>
      </object_component>
      <object_component id="oc-5b2">
         <name>.text:UART_getchar_with_timeout</name>
         <load_address>0xf5e0</load_address>
         <run_address>0xf5e0</run_address>
         <size>0x2a</size>
         <input_file_ref idref="fl-1"/>
      </object_component>
      <object_component id="oc-630">
         <name>.text:send_string_uart</name>
         <load_address>0xf60a</load_address>
         <run_address>0xf60a</run_address>
         <size>0x2a</size>
         <input_file_ref idref="fl-1"/>
      </object_component>
      <object_component id="oc-623">
         <name>.text:UART_putchar</name>
         <load_address>0xf634</load_address>
         <run_address>0xf634</run_address>
         <size>0x16</size>
         <input_file_ref idref="fl-1"/>
      </object_component>
      <object_component id="oc-549">
         <name>.text:_isr:_c_int00_noinit_noargs</name>
         <load_address>0xf64a</load_address>
         <run_address>0xf64a</run_address>
         <size>0x14</size>
         <input_file_ref idref="fl-2e"/>
      </object_component>
      <object_component id="oc-60e">
         <name>.text:UART_getchar</name>
         <load_address>0xf65e</load_address>
         <run_address>0xf65e</run_address>
         <size>0x10</size>
         <input_file_ref idref="fl-1"/>
      </object_component>
      <object_component id="oc-5c4">
         <name>.text:abort</name>
         <load_address>0xf66e</load_address>
         <run_address>0xf66e</run_address>
         <size>0x6</size>
         <input_file_ref idref="fl-37"/>
      </object_component>
      <object_component id="oc-580">
         <name>.text:_system_pre_init</name>
         <load_address>0xf674</load_address>
         <run_address>0xf674</run_address>
         <size>0x4</size>
         <input_file_ref idref="fl-34"/>
      </object_component>
      <object_component id="oc-62f">
         <name>.const:.string</name>
         <load_address>0xf678</load_address>
         <run_address>0xf678</run_address>
         <size>0xc</size>
         <input_file_ref idref="fl-1"/>
      </object_component>
      <object_component id="oc-548">
         <name>.reset</name>
         <load_address>0xfffe</load_address>
         <run_address>0xfffe</run_address>
         <size>0x2</size>
         <input_file_ref idref="fl-2e"/>
      </object_component>
      <object_component id="oc-615">
         <name>.debug_info</name>
         <load_address>0x0</load_address>
         <run_address>0x0</run_address>
         <size>0x9a1</size>
         <input_file_ref idref="fl-1"/>
      </object_component>
      <object_component id="oc-5b0">
         <name>.debug_info</name>
         <load_address>0x9a1</load_address>
         <run_address>0x9a1</run_address>
         <size>0xc5</size>
         <input_file_ref idref="fl-1"/>
      </object_component>
      <object_component id="oc-604">
         <name>.debug_info</name>
         <load_address>0xa66</load_address>
         <run_address>0xa66</run_address>
         <size>0x109</size>
         <input_file_ref idref="fl-1"/>
      </object_component>
      <object_component id="oc-5a4">
         <name>.debug_info</name>
         <load_address>0xb6f</load_address>
         <run_address>0xb6f</run_address>
         <size>0x108</size>
         <input_file_ref idref="fl-1"/>
      </object_component>
      <object_component id="oc-5aa">
         <name>.debug_info</name>
         <load_address>0xc77</load_address>
         <run_address>0xc77</run_address>
         <size>0xf5</size>
         <input_file_ref idref="fl-1"/>
      </object_component>
      <object_component id="oc-60f">
         <name>.debug_info</name>
         <load_address>0xd6c</load_address>
         <run_address>0xd6c</run_address>
         <size>0x10c</size>
         <input_file_ref idref="fl-1"/>
      </object_component>
      <object_component id="oc-618">
         <name>.debug_info</name>
         <load_address>0xe78</load_address>
         <run_address>0xe78</run_address>
         <size>0x153</size>
         <input_file_ref idref="fl-1"/>
      </object_component>
      <object_component id="oc-61e">
         <name>.debug_info</name>
         <load_address>0xfcb</load_address>
         <run_address>0xfcb</run_address>
         <size>0x140</size>
         <input_file_ref idref="fl-1"/>
      </object_component>
      <object_component id="oc-624">
         <name>.debug_info</name>
         <load_address>0x110b</load_address>
         <run_address>0x110b</run_address>
         <size>0x129</size>
         <input_file_ref idref="fl-1"/>
      </object_component>
      <object_component id="oc-686">
         <name>.debug_info</name>
         <load_address>0x1234</load_address>
         <run_address>0x1234</run_address>
         <size>0x17e</size>
         <input_file_ref idref="fl-1"/>
      </object_component>
      <object_component id="oc-62a">
         <name>.debug_info</name>
         <load_address>0x13b2</load_address>
         <run_address>0x13b2</run_address>
         <size>0x19b</size>
         <input_file_ref idref="fl-1"/>
      </object_component>
      <object_component id="oc-631">
         <name>.debug_info</name>
         <load_address>0x154d</load_address>
         <run_address>0x154d</run_address>
         <size>0x13f</size>
         <input_file_ref idref="fl-1"/>
      </object_component>
      <object_component id="oc-5b9">
         <name>.debug_info</name>
         <load_address>0x168c</load_address>
         <run_address>0x168c</run_address>
         <size>0x3b5</size>
         <input_file_ref idref="fl-1"/>
      </object_component>
      <object_component id="oc-5b3">
         <name>.debug_info</name>
         <load_address>0x1a41</load_address>
         <run_address>0x1a41</run_address>
         <size>0x14e</size>
         <input_file_ref idref="fl-1"/>
      </object_component>
      <object_component id="oc-587">
         <name>.debug_info</name>
         <load_address>0x1b8f</load_address>
         <run_address>0x1b8f</run_address>
         <size>0x15e</size>
         <input_file_ref idref="fl-1"/>
      </object_component>
      <object_component id="oc-67d">
         <name>.debug_info</name>
         <load_address>0x1ced</load_address>
         <run_address>0x1ced</run_address>
         <size>0x26b</size>
         <input_file_ref idref="fl-1"/>
      </object_component>
      <object_component id="oc-57b">
         <name>.debug_info</name>
         <load_address>0x1f58</load_address>
         <run_address>0x1f58</run_address>
         <size>0x84</size>
         <input_file_ref idref="fl-1"/>
      </object_component>
      <object_component id="oc-637">
         <name>.debug_info</name>
         <load_address>0x1fdc</load_address>
         <run_address>0x1fdc</run_address>
         <size>0x275</size>
         <input_file_ref idref="fl-1"/>
      </object_component>
      <object_component id="oc-5bf">
         <name>.debug_info</name>
         <load_address>0x2251</load_address>
         <run_address>0x2251</run_address>
         <size>0xbb</size>
         <input_file_ref idref="fl-1"/>
      </object_component>
      <object_component id="oc-675">
         <name>.debug_info</name>
         <load_address>0x230c</load_address>
         <run_address>0x230c</run_address>
         <size>0x102</size>
         <input_file_ref idref="fl-2d"/>
      </object_component>
      <object_component id="oc-546">
         <name>.debug_info</name>
         <load_address>0x240e</load_address>
         <run_address>0x240e</run_address>
         <size>0xd9</size>
         <input_file_ref idref="fl-2e"/>
      </object_component>
      <object_component id="oc-54a">
         <name>.debug_info</name>
         <load_address>0x24e7</load_address>
         <run_address>0x24e7</run_address>
         <size>0x150</size>
         <input_file_ref idref="fl-2e"/>
      </object_component>
      <object_component id="oc-581">
         <name>.debug_info</name>
         <load_address>0x2637</load_address>
         <run_address>0x2637</run_address>
         <size>0x12c</size>
         <input_file_ref idref="fl-34"/>
      </object_component>
      <object_component id="oc-5c5">
         <name>.debug_info</name>
         <load_address>0x2763</load_address>
         <run_address>0x2763</run_address>
         <size>0xfb</size>
         <input_file_ref idref="fl-37"/>
      </object_component>
      <object_component id="oc-702">
         <name>.debug_info</name>
         <load_address>0x285e</load_address>
         <run_address>0x285e</run_address>
         <size>0x99</size>
      </object_component>
      <object_component id="oc-67c">
         <name>.debug_line</name>
         <load_address>0x0</load_address>
         <run_address>0x0</run_address>
         <size>0x69</size>
         <input_file_ref idref="fl-1"/>
      </object_component>
      <object_component id="oc-60c">
         <name>.debug_line</name>
         <load_address>0x69</load_address>
         <run_address>0x69</run_address>
         <size>0x2d</size>
         <input_file_ref idref="fl-1"/>
      </object_component>
      <object_component id="oc-607">
         <name>.debug_line</name>
         <load_address>0x96</load_address>
         <run_address>0x96</run_address>
         <size>0x49</size>
         <input_file_ref idref="fl-1"/>
      </object_component>
      <object_component id="oc-5a7">
         <name>.debug_line</name>
         <load_address>0xdf</load_address>
         <run_address>0xdf</run_address>
         <size>0x74</size>
         <input_file_ref idref="fl-1"/>
      </object_component>
      <object_component id="oc-5ad">
         <name>.debug_line</name>
         <load_address>0x153</load_address>
         <run_address>0x153</run_address>
         <size>0x4b</size>
         <input_file_ref idref="fl-1"/>
      </object_component>
      <object_component id="oc-612">
         <name>.debug_line</name>
         <load_address>0x19e</load_address>
         <run_address>0x19e</run_address>
         <size>0x47</size>
         <input_file_ref idref="fl-1"/>
      </object_component>
      <object_component id="oc-61b">
         <name>.debug_line</name>
         <load_address>0x1e5</load_address>
         <run_address>0x1e5</run_address>
         <size>0x4f</size>
         <input_file_ref idref="fl-1"/>
      </object_component>
      <object_component id="oc-621">
         <name>.debug_line</name>
         <load_address>0x234</load_address>
         <run_address>0x234</run_address>
         <size>0x4f</size>
         <input_file_ref idref="fl-1"/>
      </object_component>
      <object_component id="oc-627">
         <name>.debug_line</name>
         <load_address>0x283</load_address>
         <run_address>0x283</run_address>
         <size>0x4c</size>
         <input_file_ref idref="fl-1"/>
      </object_component>
      <object_component id="oc-689">
         <name>.debug_line</name>
         <load_address>0x2cf</load_address>
         <run_address>0x2cf</run_address>
         <size>0x4d</size>
         <input_file_ref idref="fl-1"/>
      </object_component>
      <object_component id="oc-62d">
         <name>.debug_line</name>
         <load_address>0x31c</load_address>
         <run_address>0x31c</run_address>
         <size>0x75</size>
         <input_file_ref idref="fl-1"/>
      </object_component>
      <object_component id="oc-634">
         <name>.debug_line</name>
         <load_address>0x391</load_address>
         <run_address>0x391</run_address>
         <size>0x4c</size>
         <input_file_ref idref="fl-1"/>
      </object_component>
      <object_component id="oc-5bc">
         <name>.debug_line</name>
         <load_address>0x3dd</load_address>
         <run_address>0x3dd</run_address>
         <size>0x118</size>
         <input_file_ref idref="fl-1"/>
      </object_component>
      <object_component id="oc-5b6">
         <name>.debug_line</name>
         <load_address>0x4f5</load_address>
         <run_address>0x4f5</run_address>
         <size>0x55</size>
         <input_file_ref idref="fl-1"/>
      </object_component>
      <object_component id="oc-58a">
         <name>.debug_line</name>
         <load_address>0x54a</load_address>
         <run_address>0x54a</run_address>
         <size>0x62</size>
         <input_file_ref idref="fl-1"/>
      </object_component>
      <object_component id="oc-680">
         <name>.debug_line</name>
         <load_address>0x5ac</load_address>
         <run_address>0x5ac</run_address>
         <size>0x72</size>
         <input_file_ref idref="fl-1"/>
      </object_component>
      <object_component id="oc-57e">
         <name>.debug_line</name>
         <load_address>0x61e</load_address>
         <run_address>0x61e</run_address>
         <size>0x20</size>
         <input_file_ref idref="fl-1"/>
      </object_component>
      <object_component id="oc-63a">
         <name>.debug_line</name>
         <load_address>0x63e</load_address>
         <run_address>0x63e</run_address>
         <size>0x76</size>
         <input_file_ref idref="fl-1"/>
      </object_component>
      <object_component id="oc-5c2">
         <name>.debug_line</name>
         <load_address>0x6b4</load_address>
         <run_address>0x6b4</run_address>
         <size>0x73</size>
         <input_file_ref idref="fl-1"/>
      </object_component>
      <object_component id="oc-678">
         <name>.debug_line</name>
         <load_address>0x727</load_address>
         <run_address>0x727</run_address>
         <size>0x56</size>
         <input_file_ref idref="fl-2d"/>
      </object_component>
      <object_component id="oc-57a">
         <name>.debug_line</name>
         <load_address>0x77d</load_address>
         <run_address>0x77d</run_address>
         <size>0x2a</size>
         <input_file_ref idref="fl-2e"/>
      </object_component>
      <object_component id="oc-54d">
         <name>.debug_line</name>
         <load_address>0x7a7</load_address>
         <run_address>0x7a7</run_address>
         <size>0x43</size>
         <input_file_ref idref="fl-2e"/>
      </object_component>
      <object_component id="oc-584">
         <name>.debug_line</name>
         <load_address>0x7ea</load_address>
         <run_address>0x7ea</run_address>
         <size>0x3e</size>
         <input_file_ref idref="fl-34"/>
      </object_component>
      <object_component id="oc-5c8">
         <name>.debug_line</name>
         <load_address>0x828</load_address>
         <run_address>0x828</run_address>
         <size>0x3d</size>
         <input_file_ref idref="fl-37"/>
      </object_component>
      <object_component id="oc-608">
         <name>.debug_frame</name>
         <load_address>0x0</load_address>
         <run_address>0x0</run_address>
         <size>0x3c</size>
         <input_file_ref idref="fl-1"/>
      </object_component>
      <object_component id="oc-5a8">
         <name>.debug_frame</name>
         <load_address>0x3c</load_address>
         <run_address>0x3c</run_address>
         <size>0x40</size>
         <input_file_ref idref="fl-1"/>
      </object_component>
      <object_component id="oc-5ae">
         <name>.debug_frame</name>
         <load_address>0x7c</load_address>
         <run_address>0x7c</run_address>
         <size>0x3c</size>
         <input_file_ref idref="fl-1"/>
      </object_component>
      <object_component id="oc-613">
         <name>.debug_frame</name>
         <load_address>0xb8</load_address>
         <run_address>0xb8</run_address>
         <size>0x3c</size>
         <input_file_ref idref="fl-1"/>
      </object_component>
      <object_component id="oc-61c">
         <name>.debug_frame</name>
         <load_address>0xf4</load_address>
         <run_address>0xf4</run_address>
         <size>0x40</size>
         <input_file_ref idref="fl-1"/>
      </object_component>
      <object_component id="oc-622">
         <name>.debug_frame</name>
         <load_address>0x134</load_address>
         <run_address>0x134</run_address>
         <size>0x40</size>
         <input_file_ref idref="fl-1"/>
      </object_component>
      <object_component id="oc-628">
         <name>.debug_frame</name>
         <load_address>0x174</load_address>
         <run_address>0x174</run_address>
         <size>0x3c</size>
         <input_file_ref idref="fl-1"/>
      </object_component>
      <object_component id="oc-68a">
         <name>.debug_frame</name>
         <load_address>0x1b0</load_address>
         <run_address>0x1b0</run_address>
         <size>0x40</size>
         <input_file_ref idref="fl-1"/>
      </object_component>
      <object_component id="oc-62e">
         <name>.debug_frame</name>
         <load_address>0x1f0</load_address>
         <run_address>0x1f0</run_address>
         <size>0x48</size>
         <input_file_ref idref="fl-1"/>
      </object_component>
      <object_component id="oc-635">
         <name>.debug_frame</name>
         <load_address>0x238</load_address>
         <run_address>0x238</run_address>
         <size>0x3c</size>
         <input_file_ref idref="fl-1"/>
      </object_component>
      <object_component id="oc-5bd">
         <name>.debug_frame</name>
         <load_address>0x274</load_address>
         <run_address>0x274</run_address>
         <size>0x50</size>
         <input_file_ref idref="fl-1"/>
      </object_component>
      <object_component id="oc-5b7">
         <name>.debug_frame</name>
         <load_address>0x2c4</load_address>
         <run_address>0x2c4</run_address>
         <size>0x3c</size>
         <input_file_ref idref="fl-1"/>
      </object_component>
      <object_component id="oc-58b">
         <name>.debug_frame</name>
         <load_address>0x300</load_address>
         <run_address>0x300</run_address>
         <size>0x40</size>
         <input_file_ref idref="fl-1"/>
      </object_component>
      <object_component id="oc-54e">
         <name>.debug_frame</name>
         <load_address>0x340</load_address>
         <run_address>0x340</run_address>
         <size>0x34</size>
         <input_file_ref idref="fl-2e"/>
      </object_component>
      <object_component id="oc-585">
         <name>.debug_frame</name>
         <load_address>0x374</load_address>
         <run_address>0x374</run_address>
         <size>0x3c</size>
         <input_file_ref idref="fl-34"/>
      </object_component>
      <object_component id="oc-5c9">
         <name>.debug_frame</name>
         <load_address>0x3b0</load_address>
         <run_address>0x3b0</run_address>
         <size>0x3c</size>
         <input_file_ref idref="fl-37"/>
      </object_component>
      <object_component id="oc-67b">
         <name>.debug_abbrev</name>
         <load_address>0x0</load_address>
         <run_address>0x0</run_address>
         <size>0x103</size>
         <input_file_ref idref="fl-1"/>
      </object_component>
      <object_component id="oc-60b">
         <name>.debug_abbrev</name>
         <load_address>0x103</load_address>
         <run_address>0x103</run_address>
         <size>0x29</size>
         <input_file_ref idref="fl-1"/>
      </object_component>
      <object_component id="oc-679">
         <name>.debug_abbrev</name>
         <load_address>0x12c</load_address>
         <run_address>0x12c</run_address>
         <size>0x5c</size>
         <input_file_ref idref="fl-1"/>
      </object_component>
      <object_component id="oc-609">
         <name>.debug_abbrev</name>
         <load_address>0x188</load_address>
         <run_address>0x188</run_address>
         <size>0x5c</size>
         <input_file_ref idref="fl-1"/>
      </object_component>
      <object_component id="oc-60a">
         <name>.debug_abbrev</name>
         <load_address>0x1e4</load_address>
         <run_address>0x1e4</run_address>
         <size>0x4e</size>
         <input_file_ref idref="fl-1"/>
      </object_component>
      <object_component id="oc-67a">
         <name>.debug_abbrev</name>
         <load_address>0x232</load_address>
         <run_address>0x232</run_address>
         <size>0x5e</size>
         <input_file_ref idref="fl-1"/>
      </object_component>
      <object_component id="oc-682">
         <name>.debug_abbrev</name>
         <load_address>0x290</load_address>
         <run_address>0x290</run_address>
         <size>0x6c</size>
         <input_file_ref idref="fl-1"/>
      </object_component>
      <object_component id="oc-683">
         <name>.debug_abbrev</name>
         <load_address>0x2fc</load_address>
         <run_address>0x2fc</run_address>
         <size>0x6c</size>
         <input_file_ref idref="fl-1"/>
      </object_component>
      <object_component id="oc-684">
         <name>.debug_abbrev</name>
         <load_address>0x368</load_address>
         <run_address>0x368</run_address>
         <size>0x6a</size>
         <input_file_ref idref="fl-1"/>
      </object_component>
      <object_component id="oc-6c2">
         <name>.debug_abbrev</name>
         <load_address>0x3d2</load_address>
         <run_address>0x3d2</run_address>
         <size>0x6e</size>
         <input_file_ref idref="fl-1"/>
      </object_component>
      <object_component id="oc-68b">
         <name>.debug_abbrev</name>
         <load_address>0x440</load_address>
         <run_address>0x440</run_address>
         <size>0x78</size>
         <input_file_ref idref="fl-1"/>
      </object_component>
      <object_component id="oc-68c">
         <name>.debug_abbrev</name>
         <load_address>0x4b8</load_address>
         <run_address>0x4b8</run_address>
         <size>0x78</size>
         <input_file_ref idref="fl-1"/>
      </object_component>
      <object_component id="oc-636">
         <name>.debug_abbrev</name>
         <load_address>0x530</load_address>
         <run_address>0x530</run_address>
         <size>0x87</size>
         <input_file_ref idref="fl-1"/>
      </object_component>
      <object_component id="oc-60d">
         <name>.debug_abbrev</name>
         <load_address>0x5b7</load_address>
         <run_address>0x5b7</run_address>
         <size>0x6c</size>
         <input_file_ref idref="fl-1"/>
      </object_component>
      <object_component id="oc-5be">
         <name>.debug_abbrev</name>
         <load_address>0x623</load_address>
         <run_address>0x623</run_address>
         <size>0x62</size>
         <input_file_ref idref="fl-1"/>
      </object_component>
      <object_component id="oc-67f">
         <name>.debug_abbrev</name>
         <load_address>0x685</load_address>
         <run_address>0x685</run_address>
         <size>0x69</size>
         <input_file_ref idref="fl-1"/>
      </object_component>
      <object_component id="oc-57d">
         <name>.debug_abbrev</name>
         <load_address>0x6ee</load_address>
         <run_address>0x6ee</run_address>
         <size>0x1f</size>
         <input_file_ref idref="fl-1"/>
      </object_component>
      <object_component id="oc-639">
         <name>.debug_abbrev</name>
         <load_address>0x70d</load_address>
         <run_address>0x70d</run_address>
         <size>0x35</size>
         <input_file_ref idref="fl-1"/>
      </object_component>
      <object_component id="oc-5c1">
         <name>.debug_abbrev</name>
         <load_address>0x742</load_address>
         <run_address>0x742</run_address>
         <size>0x24</size>
         <input_file_ref idref="fl-1"/>
      </object_component>
      <object_component id="oc-6c1">
         <name>.debug_abbrev</name>
         <load_address>0x766</load_address>
         <run_address>0x766</run_address>
         <size>0x3c</size>
         <input_file_ref idref="fl-2d"/>
      </object_component>
      <object_component id="oc-579">
         <name>.debug_abbrev</name>
         <load_address>0x7a2</load_address>
         <run_address>0x7a2</run_address>
         <size>0x29</size>
         <input_file_ref idref="fl-2e"/>
      </object_component>
      <object_component id="oc-58d">
         <name>.debug_abbrev</name>
         <load_address>0x7cb</load_address>
         <run_address>0x7cb</run_address>
         <size>0x58</size>
         <input_file_ref idref="fl-2e"/>
      </object_component>
      <object_component id="oc-5a2">
         <name>.debug_abbrev</name>
         <load_address>0x823</load_address>
         <run_address>0x823</run_address>
         <size>0x55</size>
         <input_file_ref idref="fl-34"/>
      </object_component>
      <object_component id="oc-63c">
         <name>.debug_abbrev</name>
         <load_address>0x878</load_address>
         <run_address>0x878</run_address>
         <size>0x45</size>
         <input_file_ref idref="fl-37"/>
      </object_component>
      <object_component id="oc-703">
         <name>.debug_abbrev</name>
         <load_address>0x8bd</load_address>
         <run_address>0x8bd</run_address>
         <size>0xf</size>
      </object_component>
      <object_component id="oc-681">
         <name>.debug_str</name>
         <load_address>0x0</load_address>
         <run_address>0x0</run_address>
         <size>0x2aa</size>
         <input_file_ref idref="fl-1"/>
      </object_component>
      <object_component id="oc-57f">
         <name>.debug_str</name>
         <load_address>0x2aa</load_address>
         <run_address>0x2aa</run_address>
         <size>0xfc</size>
         <input_file_ref idref="fl-1"/>
      </object_component>
      <object_component id="oc-63b">
         <name>.debug_str</name>
         <load_address>0x3a6</load_address>
         <run_address>0x3a6</run_address>
         <size>0x328</size>
         <input_file_ref idref="fl-1"/>
      </object_component>
      <object_component id="oc-5c3">
         <name>.debug_str</name>
         <load_address>0x6ce</load_address>
         <run_address>0x6ce</run_address>
         <size>0x142</size>
         <input_file_ref idref="fl-1"/>
      </object_component>
      <object_component id="oc-605">
         <name>.debug_aranges</name>
         <load_address>0x0</load_address>
         <run_address>0x0</run_address>
         <size>0x20</size>
         <input_file_ref idref="fl-1"/>
      </object_component>
      <object_component id="oc-5a5">
         <name>.debug_aranges</name>
         <load_address>0x20</load_address>
         <run_address>0x20</run_address>
         <size>0x20</size>
         <input_file_ref idref="fl-1"/>
      </object_component>
      <object_component id="oc-5ab">
         <name>.debug_aranges</name>
         <load_address>0x40</load_address>
         <run_address>0x40</run_address>
         <size>0x20</size>
         <input_file_ref idref="fl-1"/>
      </object_component>
      <object_component id="oc-610">
         <name>.debug_aranges</name>
         <load_address>0x60</load_address>
         <run_address>0x60</run_address>
         <size>0x20</size>
         <input_file_ref idref="fl-1"/>
      </object_component>
      <object_component id="oc-619">
         <name>.debug_aranges</name>
         <load_address>0x80</load_address>
         <run_address>0x80</run_address>
         <size>0x20</size>
         <input_file_ref idref="fl-1"/>
      </object_component>
      <object_component id="oc-61f">
         <name>.debug_aranges</name>
         <load_address>0xa0</load_address>
         <run_address>0xa0</run_address>
         <size>0x20</size>
         <input_file_ref idref="fl-1"/>
      </object_component>
      <object_component id="oc-625">
         <name>.debug_aranges</name>
         <load_address>0xc0</load_address>
         <run_address>0xc0</run_address>
         <size>0x20</size>
         <input_file_ref idref="fl-1"/>
      </object_component>
      <object_component id="oc-687">
         <name>.debug_aranges</name>
         <load_address>0xe0</load_address>
         <run_address>0xe0</run_address>
         <size>0x20</size>
         <input_file_ref idref="fl-1"/>
      </object_component>
      <object_component id="oc-62b">
         <name>.debug_aranges</name>
         <load_address>0x100</load_address>
         <run_address>0x100</run_address>
         <size>0x20</size>
         <input_file_ref idref="fl-1"/>
      </object_component>
      <object_component id="oc-632">
         <name>.debug_aranges</name>
         <load_address>0x120</load_address>
         <run_address>0x120</run_address>
         <size>0x20</size>
         <input_file_ref idref="fl-1"/>
      </object_component>
      <object_component id="oc-5ba">
         <name>.debug_aranges</name>
         <load_address>0x140</load_address>
         <run_address>0x140</run_address>
         <size>0x20</size>
         <input_file_ref idref="fl-1"/>
      </object_component>
      <object_component id="oc-5b4">
         <name>.debug_aranges</name>
         <load_address>0x160</load_address>
         <run_address>0x160</run_address>
         <size>0x20</size>
         <input_file_ref idref="fl-1"/>
      </object_component>
      <object_component id="oc-588">
         <name>.debug_aranges</name>
         <load_address>0x180</load_address>
         <run_address>0x180</run_address>
         <size>0x20</size>
         <input_file_ref idref="fl-1"/>
      </object_component>
      <object_component id="oc-676">
         <name>.debug_aranges</name>
         <load_address>0x1a0</load_address>
         <run_address>0x1a0</run_address>
         <size>0x20</size>
         <input_file_ref idref="fl-2d"/>
      </object_component>
      <object_component id="oc-54b">
         <name>.debug_aranges</name>
         <load_address>0x1c0</load_address>
         <run_address>0x1c0</run_address>
         <size>0x20</size>
         <input_file_ref idref="fl-2e"/>
      </object_component>
      <object_component id="oc-582">
         <name>.debug_aranges</name>
         <load_address>0x1e0</load_address>
         <run_address>0x1e0</run_address>
         <size>0x20</size>
         <input_file_ref idref="fl-34"/>
      </object_component>
      <object_component id="oc-5c6">
         <name>.debug_aranges</name>
         <load_address>0x200</load_address>
         <run_address>0x200</run_address>
         <size>0x20</size>
         <input_file_ref idref="fl-37"/>
      </object_component>
      <object_component id="oc-616">
         <name>.debug_pubnames</name>
         <load_address>0x0</load_address>
         <run_address>0x0</run_address>
         <size>0x1e</size>
         <input_file_ref idref="fl-1"/>
      </object_component>
      <object_component id="oc-5b1">
         <name>.debug_pubnames</name>
         <load_address>0x1e</load_address>
         <run_address>0x1e</run_address>
         <size>0x1e</size>
         <input_file_ref idref="fl-1"/>
      </object_component>
      <object_component id="oc-606">
         <name>.debug_pubnames</name>
         <load_address>0x3c</load_address>
         <run_address>0x3c</run_address>
         <size>0x1f</size>
         <input_file_ref idref="fl-1"/>
      </object_component>
      <object_component id="oc-5a6">
         <name>.debug_pubnames</name>
         <load_address>0x5b</load_address>
         <run_address>0x5b</run_address>
         <size>0x22</size>
         <input_file_ref idref="fl-1"/>
      </object_component>
      <object_component id="oc-5ac">
         <name>.debug_pubnames</name>
         <load_address>0x7d</load_address>
         <run_address>0x7d</run_address>
         <size>0x20</size>
         <input_file_ref idref="fl-1"/>
      </object_component>
      <object_component id="oc-611">
         <name>.debug_pubnames</name>
         <load_address>0x9d</load_address>
         <run_address>0x9d</run_address>
         <size>0x23</size>
         <input_file_ref idref="fl-1"/>
      </object_component>
      <object_component id="oc-61a">
         <name>.debug_pubnames</name>
         <load_address>0xc0</load_address>
         <run_address>0xc0</run_address>
         <size>0x26</size>
         <input_file_ref idref="fl-1"/>
      </object_component>
      <object_component id="oc-620">
         <name>.debug_pubnames</name>
         <load_address>0xe6</load_address>
         <run_address>0xe6</run_address>
         <size>0x25</size>
         <input_file_ref idref="fl-1"/>
      </object_component>
      <object_component id="oc-626">
         <name>.debug_pubnames</name>
         <load_address>0x10b</load_address>
         <run_address>0x10b</run_address>
         <size>0x23</size>
         <input_file_ref idref="fl-1"/>
      </object_component>
      <object_component id="oc-688">
         <name>.debug_pubnames</name>
         <load_address>0x12e</load_address>
         <run_address>0x12e</run_address>
         <size>0x38</size>
         <input_file_ref idref="fl-1"/>
      </object_component>
      <object_component id="oc-62c">
         <name>.debug_pubnames</name>
         <load_address>0x166</load_address>
         <run_address>0x166</run_address>
         <size>0x27</size>
         <input_file_ref idref="fl-1"/>
      </object_component>
      <object_component id="oc-633">
         <name>.debug_pubnames</name>
         <load_address>0x18d</load_address>
         <run_address>0x18d</run_address>
         <size>0x27</size>
         <input_file_ref idref="fl-1"/>
      </object_component>
      <object_component id="oc-5bb">
         <name>.debug_pubnames</name>
         <load_address>0x1b4</load_address>
         <run_address>0x1b4</run_address>
         <size>0x2f</size>
         <input_file_ref idref="fl-1"/>
      </object_component>
      <object_component id="oc-5b5">
         <name>.debug_pubnames</name>
         <load_address>0x1e3</load_address>
         <run_address>0x1e3</run_address>
         <size>0x30</size>
         <input_file_ref idref="fl-1"/>
      </object_component>
      <object_component id="oc-589">
         <name>.debug_pubnames</name>
         <load_address>0x213</load_address>
         <run_address>0x213</run_address>
         <size>0x1b</size>
         <input_file_ref idref="fl-1"/>
      </object_component>
      <object_component id="oc-677">
         <name>.debug_pubnames</name>
         <load_address>0x22e</load_address>
         <run_address>0x22e</run_address>
         <size>0x27</size>
         <input_file_ref idref="fl-2d"/>
      </object_component>
      <object_component id="oc-547">
         <name>.debug_pubnames</name>
         <load_address>0x255</load_address>
         <run_address>0x255</run_address>
         <size>0x1d</size>
         <input_file_ref idref="fl-2e"/>
      </object_component>
      <object_component id="oc-54c">
         <name>.debug_pubnames</name>
         <load_address>0x272</load_address>
         <run_address>0x272</run_address>
         <size>0x2d</size>
         <input_file_ref idref="fl-2e"/>
      </object_component>
      <object_component id="oc-583">
         <name>.debug_pubnames</name>
         <load_address>0x29f</load_address>
         <run_address>0x29f</run_address>
         <size>0x27</size>
         <input_file_ref idref="fl-34"/>
      </object_component>
      <object_component id="oc-5c7">
         <name>.debug_pubnames</name>
         <load_address>0x2c6</load_address>
         <run_address>0x2c6</run_address>
         <size>0x1c</size>
         <input_file_ref idref="fl-37"/>
      </object_component>
      <object_component id="oc-67e">
         <name>.debug_pubtypes</name>
         <load_address>0x0</load_address>
         <run_address>0x0</run_address>
         <size>0x25c</size>
         <input_file_ref idref="fl-1"/>
      </object_component>
      <object_component id="oc-57c">
         <name>.debug_pubtypes</name>
         <load_address>0x25c</load_address>
         <run_address>0x25c</run_address>
         <size>0xed</size>
         <input_file_ref idref="fl-1"/>
      </object_component>
      <object_component id="oc-638">
         <name>.debug_pubtypes</name>
         <load_address>0x349</load_address>
         <run_address>0x349</run_address>
         <size>0x315</size>
         <input_file_ref idref="fl-1"/>
      </object_component>
      <object_component id="oc-5c0">
         <name>.debug_pubtypes</name>
         <load_address>0x65e</load_address>
         <run_address>0x65e</run_address>
         <size>0xaa</size>
         <input_file_ref idref="fl-1"/>
      </object_component>
   </object_component_list>
   <logical_group_list>
      <logical_group id="lg-2" display="no" color="cyan">
         <name>.bss</name>
         <run_address>0x1c08</run_address>
         <size>0x20</size>
         <contents>
            <object_component_ref idref="oc-614"/>
         </contents>
      </logical_group>
      <logical_group id="lg-3" display="no" color="cyan">
         <name>.data</name>
         <load_address>0x1c28</load_address>
         <run_address>0x1c28</run_address>
         <size>0x4</size>
         <contents>
            <object_component_ref idref="oc-5af"/>
         </contents>
      </logical_group>
      <logical_group id="lg-4" display="no" color="cyan">
         <name>.sysmem</name>
         <run_address>0x0</run_address>
         <size>0x0</size>
         <contents>
         </contents>
      </logical_group>
      <logical_group id="lg-5" display="no" color="cyan">
         <name>.stack</name>
         <run_address>0x2360</run_address>
         <size>0xa0</size>
         <contents>
            <object_component_ref idref="oc-545"/>
            <object_component_ref idref="oc-6ff"/>
         </contents>
      </logical_group>
      <logical_group id="lg-700" display="no" color="cyan">
         <name>.text</name>
         <load_address>0xf000</load_address>
         <run_address>0xf000</run_address>
         <size>0x678</size>
         <contents>
            <object_component_ref idref="oc-5b8"/>
            <object_component_ref idref="oc-5a3"/>
            <object_component_ref idref="oc-629"/>
            <object_component_ref idref="oc-61d"/>
            <object_component_ref idref="oc-617"/>
            <object_component_ref idref="oc-685"/>
            <object_component_ref idref="oc-586"/>
            <object_component_ref idref="oc-674"/>
            <object_component_ref idref="oc-603"/>
            <object_component_ref idref="oc-5a9"/>
            <object_component_ref idref="oc-5b2"/>
            <object_component_ref idref="oc-630"/>
            <object_component_ref idref="oc-623"/>
            <object_component_ref idref="oc-549"/>
            <object_component_ref idref="oc-60e"/>
            <object_component_ref idref="oc-5c4"/>
            <object_component_ref idref="oc-580"/>
         </contents>
      </logical_group>
      <split_section id="lg-6" display="no" color="cyan">
         <name>.text</name>
         <contents>
            <logical_group_ref idref="lg-700"/>
         </contents>
      </split_section>
      <logical_group id="lg-7" display="no" color="cyan">
         <name>.cinit</name>
         <run_address>0x0</run_address>
         <size>0x0</size>
         <contents>
         </contents>
      </logical_group>
      <logical_group id="lg-701" display="no" color="cyan">
         <name>.const</name>
         <load_address>0xf678</load_address>
         <run_address>0xf678</run_address>
         <size>0xc</size>
         <contents>
            <object_component_ref idref="oc-62f"/>
         </contents>
      </logical_group>
      <split_section id="lg-8" display="no" color="cyan">
         <name>.const</name>
         <contents>
            <logical_group_ref idref="lg-701"/>
         </contents>
      </split_section>
      <logical_group id="lg-9" display="no" color="cyan">
         <name>.cio</name>
         <run_address>0x0</run_address>
         <size>0x0</size>
         <contents>
         </contents>
      </logical_group>
      <logical_group id="lg-a" display="no" color="cyan">
         <name>.BOOT_APP_VECTORS</name>
         <run_address>0x0</run_address>
         <size>0x0</size>
         <contents>
         </contents>
      </logical_group>
      <logical_group id="lg-b" display="no" color="cyan">
         <name>.BOOT_VECTOR_TABLE</name>
         <run_address>0x0</run_address>
         <size>0x0</size>
         <contents>
         </contents>
      </logical_group>
      <logical_group id="lg-c" display="no" color="cyan">
         <name>.reset</name>
         <load_address>0xfffe</load_address>
         <run_address>0xfffe</run_address>
         <size>0x2</size>
         <contents>
            <object_component_ref idref="oc-548"/>
         </contents>
      </logical_group>
      <logical_group id="lg-6d9" display="no" color="cyan">
         <name>.TI.noinit</name>
         <run_address>0x0</run_address>
         <size>0x0</size>
         <contents>
         </contents>
      </logical_group>
      <logical_group id="lg-6da" display="no" color="cyan">
         <name>.TI.persistent</name>
         <run_address>0x0</run_address>
         <size>0x0</size>
         <contents>
         </contents>
      </logical_group>
      <logical_group id="lg-6e8" display="never" color="cyan">
         <name>.debug_info</name>
         <load_address>0x0</load_address>
         <run_address>0x0</run_address>
         <size>0x28f7</size>
         <contents>
            <object_component_ref idref="oc-615"/>
            <object_component_ref idref="oc-5b0"/>
            <object_component_ref idref="oc-604"/>
            <object_component_ref idref="oc-5a4"/>
            <object_component_ref idref="oc-5aa"/>
            <object_component_ref idref="oc-60f"/>
            <object_component_ref idref="oc-618"/>
            <object_component_ref idref="oc-61e"/>
            <object_component_ref idref="oc-624"/>
            <object_component_ref idref="oc-686"/>
            <object_component_ref idref="oc-62a"/>
            <object_component_ref idref="oc-631"/>
            <object_component_ref idref="oc-5b9"/>
            <object_component_ref idref="oc-5b3"/>
            <object_component_ref idref="oc-587"/>
            <object_component_ref idref="oc-67d"/>
            <object_component_ref idref="oc-57b"/>
            <object_component_ref idref="oc-637"/>
            <object_component_ref idref="oc-5bf"/>
            <object_component_ref idref="oc-675"/>
            <object_component_ref idref="oc-546"/>
            <object_component_ref idref="oc-54a"/>
            <object_component_ref idref="oc-581"/>
            <object_component_ref idref="oc-5c5"/>
            <object_component_ref idref="oc-702"/>
         </contents>
      </logical_group>
      <logical_group id="lg-6ea" display="never" color="cyan">
         <name>.debug_line</name>
         <load_address>0x0</load_address>
         <run_address>0x0</run_address>
         <size>0x865</size>
         <contents>
            <object_component_ref idref="oc-67c"/>
            <object_component_ref idref="oc-60c"/>
            <object_component_ref idref="oc-607"/>
            <object_component_ref idref="oc-5a7"/>
            <object_component_ref idref="oc-5ad"/>
            <object_component_ref idref="oc-612"/>
            <object_component_ref idref="oc-61b"/>
            <object_component_ref idref="oc-621"/>
            <object_component_ref idref="oc-627"/>
            <object_component_ref idref="oc-689"/>
            <object_component_ref idref="oc-62d"/>
            <object_component_ref idref="oc-634"/>
            <object_component_ref idref="oc-5bc"/>
            <object_component_ref idref="oc-5b6"/>
            <object_component_ref idref="oc-58a"/>
            <object_component_ref idref="oc-680"/>
            <object_component_ref idref="oc-57e"/>
            <object_component_ref idref="oc-63a"/>
            <object_component_ref idref="oc-5c2"/>
            <object_component_ref idref="oc-678"/>
            <object_component_ref idref="oc-57a"/>
            <object_component_ref idref="oc-54d"/>
            <object_component_ref idref="oc-584"/>
            <object_component_ref idref="oc-5c8"/>
         </contents>
      </logical_group>
      <logical_group id="lg-6ec" display="never" color="cyan">
         <name>.debug_frame</name>
         <load_address>0x0</load_address>
         <run_address>0x0</run_address>
         <size>0x3ec</size>
         <contents>
            <object_component_ref idref="oc-608"/>
            <object_component_ref idref="oc-5a8"/>
            <object_component_ref idref="oc-5ae"/>
            <object_component_ref idref="oc-613"/>
            <object_component_ref idref="oc-61c"/>
            <object_component_ref idref="oc-622"/>
            <object_component_ref idref="oc-628"/>
            <object_component_ref idref="oc-68a"/>
            <object_component_ref idref="oc-62e"/>
            <object_component_ref idref="oc-635"/>
            <object_component_ref idref="oc-5bd"/>
            <object_component_ref idref="oc-5b7"/>
            <object_component_ref idref="oc-58b"/>
            <object_component_ref idref="oc-54e"/>
            <object_component_ref idref="oc-585"/>
            <object_component_ref idref="oc-5c9"/>
         </contents>
      </logical_group>
      <logical_group id="lg-6ee" display="never" color="cyan">
         <name>.debug_abbrev</name>
         <load_address>0x0</load_address>
         <run_address>0x0</run_address>
         <size>0x8cc</size>
         <contents>
            <object_component_ref idref="oc-67b"/>
            <object_component_ref idref="oc-60b"/>
            <object_component_ref idref="oc-679"/>
            <object_component_ref idref="oc-609"/>
            <object_component_ref idref="oc-60a"/>
            <object_component_ref idref="oc-67a"/>
            <object_component_ref idref="oc-682"/>
            <object_component_ref idref="oc-683"/>
            <object_component_ref idref="oc-684"/>
            <object_component_ref idref="oc-6c2"/>
            <object_component_ref idref="oc-68b"/>
            <object_component_ref idref="oc-68c"/>
            <object_component_ref idref="oc-636"/>
            <object_component_ref idref="oc-60d"/>
            <object_component_ref idref="oc-5be"/>
            <object_component_ref idref="oc-67f"/>
            <object_component_ref idref="oc-57d"/>
            <object_component_ref idref="oc-639"/>
            <object_component_ref idref="oc-5c1"/>
            <object_component_ref idref="oc-6c1"/>
            <object_component_ref idref="oc-579"/>
            <object_component_ref idref="oc-58d"/>
            <object_component_ref idref="oc-5a2"/>
            <object_component_ref idref="oc-63c"/>
            <object_component_ref idref="oc-703"/>
         </contents>
      </logical_group>
      <logical_group id="lg-6f0" display="never" color="cyan">
         <name>.debug_str</name>
         <load_address>0x0</load_address>
         <run_address>0x0</run_address>
         <size>0x810</size>
         <contents>
            <object_component_ref idref="oc-681"/>
            <object_component_ref idref="oc-57f"/>
            <object_component_ref idref="oc-63b"/>
            <object_component_ref idref="oc-5c3"/>
         </contents>
      </logical_group>
      <logical_group id="lg-6f2" display="never" color="cyan">
         <name>.debug_aranges</name>
         <load_address>0x0</load_address>
         <run_address>0x0</run_address>
         <size>0x220</size>
         <contents>
            <object_component_ref idref="oc-605"/>
            <object_component_ref idref="oc-5a5"/>
            <object_component_ref idref="oc-5ab"/>
            <object_component_ref idref="oc-610"/>
            <object_component_ref idref="oc-619"/>
            <object_component_ref idref="oc-61f"/>
            <object_component_ref idref="oc-625"/>
            <object_component_ref idref="oc-687"/>
            <object_component_ref idref="oc-62b"/>
            <object_component_ref idref="oc-632"/>
            <object_component_ref idref="oc-5ba"/>
            <object_component_ref idref="oc-5b4"/>
            <object_component_ref idref="oc-588"/>
            <object_component_ref idref="oc-676"/>
            <object_component_ref idref="oc-54b"/>
            <object_component_ref idref="oc-582"/>
            <object_component_ref idref="oc-5c6"/>
         </contents>
      </logical_group>
      <logical_group id="lg-6f4" display="never" color="cyan">
         <name>.debug_pubnames</name>
         <load_address>0x0</load_address>
         <run_address>0x0</run_address>
         <size>0x2e2</size>
         <contents>
            <object_component_ref idref="oc-616"/>
            <object_component_ref idref="oc-5b1"/>
            <object_component_ref idref="oc-606"/>
            <object_component_ref idref="oc-5a6"/>
            <object_component_ref idref="oc-5ac"/>
            <object_component_ref idref="oc-611"/>
            <object_component_ref idref="oc-61a"/>
            <object_component_ref idref="oc-620"/>
            <object_component_ref idref="oc-626"/>
            <object_component_ref idref="oc-688"/>
            <object_component_ref idref="oc-62c"/>
            <object_component_ref idref="oc-633"/>
            <object_component_ref idref="oc-5bb"/>
            <object_component_ref idref="oc-5b5"/>
            <object_component_ref idref="oc-589"/>
            <object_component_ref idref="oc-677"/>
            <object_component_ref idref="oc-547"/>
            <object_component_ref idref="oc-54c"/>
            <object_component_ref idref="oc-583"/>
            <object_component_ref idref="oc-5c7"/>
         </contents>
      </logical_group>
      <logical_group id="lg-6f6" display="never" color="cyan">
         <name>.debug_pubtypes</name>
         <load_address>0x0</load_address>
         <run_address>0x0</run_address>
         <size>0x708</size>
         <contents>
            <object_component_ref idref="oc-67e"/>
            <object_component_ref idref="oc-57c"/>
            <object_component_ref idref="oc-638"/>
            <object_component_ref idref="oc-5c0"/>
         </contents>
      </logical_group>
      <load_segment id="lg-704" display="no" color="cyan">
         <name>SEGMENT_0</name>
         <run_address>0x1c08</run_address>
         <size>0x20</size>
         <flags>0x6</flags>
         <contents>
            <logical_group_ref idref="lg-2"/>
         </contents>
      </load_segment>
      <load_segment id="lg-705" display="no" color="cyan">
         <name>SEGMENT_1</name>
         <load_address>0x1c28</load_address>
         <run_address>0x1c28</run_address>
         <size>0x4</size>
         <flags>0x6</flags>
         <contents>
            <logical_group_ref idref="lg-3"/>
         </contents>
      </load_segment>
      <load_segment id="lg-706" display="no" color="cyan">
         <name>SEGMENT_2</name>
         <run_address>0x2360</run_address>
         <size>0xa0</size>
         <flags>0x6</flags>
         <contents>
            <logical_group_ref idref="lg-5"/>
         </contents>
      </load_segment>
      <load_segment id="lg-707" display="no" color="cyan">
         <name>SEGMENT_3</name>
         <load_address>0xf000</load_address>
         <run_address>0xf000</run_address>
         <size>0x684</size>
         <flags>0x5</flags>
         <contents>
            <logical_group_ref idref="lg-700"/>
            <logical_group_ref idref="lg-701"/>
         </contents>
      </load_segment>
      <load_segment id="lg-708" display="no" color="cyan">
         <name>SEGMENT_4</name>
         <load_address>0xfffe</load_address>
         <run_address>0xfffe</run_address>
         <size>0x2</size>
         <flags>0x4</flags>
         <contents>
            <logical_group_ref idref="lg-c"/>
         </contents>
      </load_segment>
   </logical_group_list>
   <placement_map>
      <memory_area display="no" color="green">
         <name>SFR</name>
         <page_id>0x0</page_id>
         <origin>0x0</origin>
         <length>0x10</length>
         <used_space>0x0</used_space>
         <unused_space>0x10</unused_space>
         <attributes>RWIX</attributes>
         <usage_details>
         </usage_details>
      </memory_area>
      <memory_area display="yes" color="green">
         <name>PERIPHERALS_8BIT</name>
         <page_id>0x0</page_id>
         <origin>0x10</origin>
         <length>0xf0</length>
         <used_space>0x0</used_space>
         <unused_space>0xf0</unused_space>
         <attributes>RWIX</attributes>
         <usage_details>
         </usage_details>
      </memory_area>
      <memory_area display="yes" color="green">
         <name>PERIPHERALS_16BIT</name>
         <page_id>0x0</page_id>
         <origin>0x100</origin>
         <length>0x100</length>
         <used_space>0x0</used_space>
         <unused_space>0x100</unused_space>
         <attributes>RWIX</attributes>
         <usage_details>
         </usage_details>
      </memory_area>
      <memory_area display="yes" color="green">
         <name>RAM</name>
         <page_id>0x0</page_id>
         <origin>0x1c08</origin>
         <length>0x7f8</length>
         <used_space>0xc4</used_space>
         <unused_space>0x734</unused_space>
         <attributes>RWIX</attributes>
         <usage_details>
            <allocated_space>
               <start_address>0x1c08</start_address>
               <size>0x20</size>
               <logical_group_ref idref="lg-2"/>
            </allocated_space>
            <allocated_space>
               <start_address>0x1c28</start_address>
               <size>0x4</size>
               <logical_group_ref idref="lg-3"/>
            </allocated_space>
            <available_space>
               <start_address>0x1c2c</start_address>
               <size>0x734</size>
            </available_space>
            <allocated_space>
               <start_address>0x2360</start_address>
               <size>0xa0</size>
               <logical_group_ref idref="lg-5"/>
            </allocated_space>
         </usage_details>
      </memory_area>
      <memory_area display="yes" color="green">
         <name>FLASH</name>
         <page_id>0x0</page_id>
         <origin>0xf000</origin>
         <length>0xf7a</length>
         <used_space>0x684</used_space>
         <unused_space>0x8f6</unused_space>
         <attributes>RWIX</attributes>
         <usage_details>
            <allocated_space>
               <start_address>0xf000</start_address>
               <size>0x678</size>
               <logical_group_ref idref="lg-700"/>
            </allocated_space>
            <allocated_space>
               <start_address>0xf678</start_address>
               <size>0xc</size>
               <logical_group_ref idref="lg-701"/>
            </allocated_space>
            <available_space>
               <start_address>0xf684</start_address>
               <size>0x8f6</size>
            </available_space>
         </usage_details>
      </memory_area>
      <memory_area display="no" color="green">
         <name>BOOT_SHARED_CALLBACKS</name>
         <page_id>0x0</page_id>
         <origin>0xff7a</origin>
         <length>0x6</length>
         <used_space>0x0</used_space>
         <unused_space>0x6</unused_space>
         <attributes>RWIX</attributes>
         <usage_details>
         </usage_details>
      </memory_area>
      <memory_area display="yes" color="green">
         <name>INT_VECTOR_TABLE</name>
         <page_id>0x0</page_id>
         <origin>0xff90</origin>
         <length>0x6e</length>
         <used_space>0x0</used_space>
         <unused_space>0x6e</unused_space>
         <attributes>RWIX</attributes>
         <usage_details>
         </usage_details>
      </memory_area>
      <memory_area display="no" color="green">
         <name>RESET</name>
         <page_id>0x0</page_id>
         <origin>0xfffe</origin>
         <length>0x2</length>
         <used_space>0x2</used_space>
         <unused_space>0x0</unused_space>
         <attributes>RWIX</attributes>
         <usage_details>
            <allocated_space>
               <start_address>0xfffe</start_address>
               <size>0x2</size>
               <logical_group_ref idref="lg-c"/>
            </allocated_space>
         </usage_details>
      </memory_area>
   </placement_map>
   <symbol_table>
      <symbol id="sm-1">
         <name>__RAM_Start</name>
         <value>0x1c00</value>
      </symbol>
      <symbol id="sm-2">
         <name>__RAM_End</name>
         <value>0x23ff</value>
      </symbol>
      <symbol id="sm-3">
         <name>PassWd</name>
         <value>0x1c00</value>
      </symbol>
      <symbol id="sm-4">
         <name>StatCtrl</name>
         <value>0x1c02</value>
      </symbol>
      <symbol id="sm-5">
         <name>CI_State_Machine</name>
         <value>0x1c03</value>
      </symbol>
      <symbol id="sm-6">
         <name>CI_Callback_ptr</name>
         <value>0x1c04</value>
      </symbol>
      <symbol id="sm-7">
         <name>_NonReserved_RAM_Start</name>
         <value>0x1c08</value>
      </symbol>
      <symbol id="sm-8">
         <name>_Appl_Start</name>
         <value>0x4400</value>
      </symbol>
      <symbol id="sm-9">
         <name>_Appl_End</name>
         <value>0xefff</value>
      </symbol>
      <symbol id="sm-a">
         <name>_Flex_Start</name>
         <value>0x10000</value>
      </symbol>
      <symbol id="sm-b">
         <name>_Flex_End</name>
         <value>0x149ff</value>
      </symbol>
      <symbol id="sm-c">
         <name>_Down_Start</name>
         <value>0x14a00</value>
      </symbol>
      <symbol id="sm-d">
         <name>_Down_End</name>
         <value>0x23fff</value>
      </symbol>
      <symbol id="sm-e">
         <name>__Boot_Start</name>
         <value>0xf000</value>
      </symbol>
      <symbol id="sm-f">
         <name>__Boot_Reset</name>
         <value>0xfffe</value>
      </symbol>
      <symbol id="sm-10">
         <name>__Boot_VectorTable</name>
         <value>0xff90</value>
      </symbol>
      <symbol id="sm-11">
         <name>__Boot_SharedCallbacks_Len</name>
         <value>0x6</value>
      </symbol>
      <symbol id="sm-12">
         <name>__Boot_SharedCallbacks</name>
         <value>0xff7a</value>
      </symbol>
      <symbol id="sm-13">
         <name>_Appl_Vector_Start</name>
         <value>0xef90</value>
      </symbol>
      <symbol id="sm-14">
         <name>_Appl_Checksum</name>
         <value>0x4400</value>
      </symbol>
      <symbol id="sm-15">
         <name>_Appl_Checksum_8</name>
         <value>0x4402</value>
      </symbol>
      <symbol id="sm-16">
         <name>_Appl_Start_Memory</name>
         <value>0x4403</value>
      </symbol>
      <symbol id="sm-17">
         <name>_Appl_CRC_Size1</name>
         <value>0xabfd</value>
      </symbol>
      <symbol id="sm-18">
         <name>_Appl_CRC_Size2</name>
         <value>0x4a00</value>
      </symbol>
      <symbol id="sm-19">
         <name>_Appl_Reset_Vector</name>
         <value>0xeffe</value>
      </symbol>
      <symbol id="sm-1a">
         <name>_Down_Checksum</name>
         <value>0x14a00</value>
      </symbol>
      <symbol id="sm-1b">
         <name>_Down_Checksum_8</name>
         <value>0x14a02</value>
      </symbol>
      <symbol id="sm-1c">
         <name>_Down_Start_Memory</name>
         <value>0x14a03</value>
      </symbol>
      <symbol id="sm-1d">
         <name>_Down_CRC_Size1</name>
         <value>0xf5fd</value>
      </symbol>
      <symbol id="sm-1e">
         <name>_Down_CRC_Size2</name>
         <value>0xf5fd</value>
      </symbol>
      <symbol id="sm-1f">
         <name>_Down_Offset_Size</name>
         <value>0xefff</value>
      </symbol>
      <symbol id="sm-20">
         <name>_Down_Offset1</name>
         <value>0x10600</value>
      </symbol>
      <symbol id="sm-21">
         <name>_Down_Offset2</name>
         <value>0xf600</value>
      </symbol>
      <symbol id="sm-22">
         <name>ADC12CTL0</name>
         <value>0x800</value>
      </symbol>
      <symbol id="sm-23">
         <name>ADC12CTL0_L</name>
         <value>0x800</value>
      </symbol>
      <symbol id="sm-24">
         <name>ADC12CTL0_H</name>
         <value>0x801</value>
      </symbol>
      <symbol id="sm-25">
         <name>ADC12CTL1</name>
         <value>0x802</value>
      </symbol>
      <symbol id="sm-26">
         <name>ADC12CTL1_L</name>
         <value>0x802</value>
      </symbol>
      <symbol id="sm-27">
         <name>ADC12CTL1_H</name>
         <value>0x803</value>
      </symbol>
      <symbol id="sm-28">
         <name>ADC12CTL2</name>
         <value>0x804</value>
      </symbol>
      <symbol id="sm-29">
         <name>ADC12CTL2_L</name>
         <value>0x804</value>
      </symbol>
      <symbol id="sm-2a">
         <name>ADC12CTL2_H</name>
         <value>0x805</value>
      </symbol>
      <symbol id="sm-2b">
         <name>ADC12CTL3</name>
         <value>0x806</value>
      </symbol>
      <symbol id="sm-2c">
         <name>ADC12CTL3_L</name>
         <value>0x806</value>
      </symbol>
      <symbol id="sm-2d">
         <name>ADC12CTL3_H</name>
         <value>0x807</value>
      </symbol>
      <symbol id="sm-2e">
         <name>ADC12LO</name>
         <value>0x808</value>
      </symbol>
      <symbol id="sm-2f">
         <name>ADC12LO_L</name>
         <value>0x808</value>
      </symbol>
      <symbol id="sm-30">
         <name>ADC12LO_H</name>
         <value>0x809</value>
      </symbol>
      <symbol id="sm-31">
         <name>ADC12HI</name>
         <value>0x80a</value>
      </symbol>
      <symbol id="sm-32">
         <name>ADC12HI_L</name>
         <value>0x80a</value>
      </symbol>
      <symbol id="sm-33">
         <name>ADC12HI_H</name>
         <value>0x80b</value>
      </symbol>
      <symbol id="sm-34">
         <name>ADC12IFGR0</name>
         <value>0x80c</value>
      </symbol>
      <symbol id="sm-35">
         <name>ADC12IFGR0_L</name>
         <value>0x80c</value>
      </symbol>
      <symbol id="sm-36">
         <name>ADC12IFGR0_H</name>
         <value>0x80d</value>
      </symbol>
      <symbol id="sm-37">
         <name>ADC12IFGR1</name>
         <value>0x80e</value>
      </symbol>
      <symbol id="sm-38">
         <name>ADC12IFGR1_L</name>
         <value>0x80e</value>
      </symbol>
      <symbol id="sm-39">
         <name>ADC12IFGR1_H</name>
         <value>0x80f</value>
      </symbol>
      <symbol id="sm-3a">
         <name>ADC12IFGR2</name>
         <value>0x810</value>
      </symbol>
      <symbol id="sm-3b">
         <name>ADC12IFGR2_L</name>
         <value>0x810</value>
      </symbol>
      <symbol id="sm-3c">
         <name>ADC12IFGR2_H</name>
         <value>0x811</value>
      </symbol>
      <symbol id="sm-3d">
         <name>ADC12IER0</name>
         <value>0x812</value>
      </symbol>
      <symbol id="sm-3e">
         <name>ADC12IER0_L</name>
         <value>0x812</value>
      </symbol>
      <symbol id="sm-3f">
         <name>ADC12IER0_H</name>
         <value>0x813</value>
      </symbol>
      <symbol id="sm-40">
         <name>ADC12IER1</name>
         <value>0x814</value>
      </symbol>
      <symbol id="sm-41">
         <name>ADC12IER1_L</name>
         <value>0x814</value>
      </symbol>
      <symbol id="sm-42">
         <name>ADC12IER1_H</name>
         <value>0x815</value>
      </symbol>
      <symbol id="sm-43">
         <name>ADC12IER2</name>
         <value>0x816</value>
      </symbol>
      <symbol id="sm-44">
         <name>ADC12IER2_L</name>
         <value>0x816</value>
      </symbol>
      <symbol id="sm-45">
         <name>ADC12IER2_H</name>
         <value>0x817</value>
      </symbol>
      <symbol id="sm-46">
         <name>ADC12IV</name>
         <value>0x818</value>
      </symbol>
      <symbol id="sm-47">
         <name>ADC12IV_L</name>
         <value>0x818</value>
      </symbol>
      <symbol id="sm-48">
         <name>ADC12IV_H</name>
         <value>0x819</value>
      </symbol>
      <symbol id="sm-49">
         <name>ADC12MCTL0</name>
         <value>0x820</value>
      </symbol>
      <symbol id="sm-4a">
         <name>ADC12MCTL0_L</name>
         <value>0x820</value>
      </symbol>
      <symbol id="sm-4b">
         <name>ADC12MCTL0_H</name>
         <value>0x821</value>
      </symbol>
      <symbol id="sm-4c">
         <name>ADC12MCTL1</name>
         <value>0x822</value>
      </symbol>
      <symbol id="sm-4d">
         <name>ADC12MCTL1_L</name>
         <value>0x822</value>
      </symbol>
      <symbol id="sm-4e">
         <name>ADC12MCTL1_H</name>
         <value>0x823</value>
      </symbol>
      <symbol id="sm-4f">
         <name>ADC12MCTL2</name>
         <value>0x824</value>
      </symbol>
      <symbol id="sm-50">
         <name>ADC12MCTL2_L</name>
         <value>0x824</value>
      </symbol>
      <symbol id="sm-51">
         <name>ADC12MCTL2_H</name>
         <value>0x825</value>
      </symbol>
      <symbol id="sm-52">
         <name>ADC12MCTL3</name>
         <value>0x826</value>
      </symbol>
      <symbol id="sm-53">
         <name>ADC12MCTL3_L</name>
         <value>0x826</value>
      </symbol>
      <symbol id="sm-54">
         <name>ADC12MCTL3_H</name>
         <value>0x827</value>
      </symbol>
      <symbol id="sm-55">
         <name>ADC12MCTL4</name>
         <value>0x828</value>
      </symbol>
      <symbol id="sm-56">
         <name>ADC12MCTL4_L</name>
         <value>0x828</value>
      </symbol>
      <symbol id="sm-57">
         <name>ADC12MCTL4_H</name>
         <value>0x829</value>
      </symbol>
      <symbol id="sm-58">
         <name>ADC12MCTL5</name>
         <value>0x82a</value>
      </symbol>
      <symbol id="sm-59">
         <name>ADC12MCTL5_L</name>
         <value>0x82a</value>
      </symbol>
      <symbol id="sm-5a">
         <name>ADC12MCTL5_H</name>
         <value>0x82b</value>
      </symbol>
      <symbol id="sm-5b">
         <name>ADC12MCTL6</name>
         <value>0x82c</value>
      </symbol>
      <symbol id="sm-5c">
         <name>ADC12MCTL6_L</name>
         <value>0x82c</value>
      </symbol>
      <symbol id="sm-5d">
         <name>ADC12MCTL6_H</name>
         <value>0x82d</value>
      </symbol>
      <symbol id="sm-5e">
         <name>ADC12MCTL7</name>
         <value>0x82e</value>
      </symbol>
      <symbol id="sm-5f">
         <name>ADC12MCTL7_L</name>
         <value>0x82e</value>
      </symbol>
      <symbol id="sm-60">
         <name>ADC12MCTL7_H</name>
         <value>0x82f</value>
      </symbol>
      <symbol id="sm-61">
         <name>ADC12MCTL8</name>
         <value>0x830</value>
      </symbol>
      <symbol id="sm-62">
         <name>ADC12MCTL8_L</name>
         <value>0x830</value>
      </symbol>
      <symbol id="sm-63">
         <name>ADC12MCTL8_H</name>
         <value>0x831</value>
      </symbol>
      <symbol id="sm-64">
         <name>ADC12MCTL9</name>
         <value>0x832</value>
      </symbol>
      <symbol id="sm-65">
         <name>ADC12MCTL9_L</name>
         <value>0x832</value>
      </symbol>
      <symbol id="sm-66">
         <name>ADC12MCTL9_H</name>
         <value>0x833</value>
      </symbol>
      <symbol id="sm-67">
         <name>ADC12MCTL10</name>
         <value>0x834</value>
      </symbol>
      <symbol id="sm-68">
         <name>ADC12MCTL10_L</name>
         <value>0x834</value>
      </symbol>
      <symbol id="sm-69">
         <name>ADC12MCTL10_H</name>
         <value>0x835</value>
      </symbol>
      <symbol id="sm-6a">
         <name>ADC12MCTL11</name>
         <value>0x836</value>
      </symbol>
      <symbol id="sm-6b">
         <name>ADC12MCTL11_L</name>
         <value>0x836</value>
      </symbol>
      <symbol id="sm-6c">
         <name>ADC12MCTL11_H</name>
         <value>0x837</value>
      </symbol>
      <symbol id="sm-6d">
         <name>ADC12MCTL12</name>
         <value>0x838</value>
      </symbol>
      <symbol id="sm-6e">
         <name>ADC12MCTL12_L</name>
         <value>0x838</value>
      </symbol>
      <symbol id="sm-6f">
         <name>ADC12MCTL12_H</name>
         <value>0x839</value>
      </symbol>
      <symbol id="sm-70">
         <name>ADC12MCTL13</name>
         <value>0x83a</value>
      </symbol>
      <symbol id="sm-71">
         <name>ADC12MCTL13_L</name>
         <value>0x83a</value>
      </symbol>
      <symbol id="sm-72">
         <name>ADC12MCTL13_H</name>
         <value>0x83b</value>
      </symbol>
      <symbol id="sm-73">
         <name>ADC12MCTL14</name>
         <value>0x83c</value>
      </symbol>
      <symbol id="sm-74">
         <name>ADC12MCTL14_L</name>
         <value>0x83c</value>
      </symbol>
      <symbol id="sm-75">
         <name>ADC12MCTL14_H</name>
         <value>0x83d</value>
      </symbol>
      <symbol id="sm-76">
         <name>ADC12MCTL15</name>
         <value>0x83e</value>
      </symbol>
      <symbol id="sm-77">
         <name>ADC12MCTL15_L</name>
         <value>0x83e</value>
      </symbol>
      <symbol id="sm-78">
         <name>ADC12MCTL15_H</name>
         <value>0x83f</value>
      </symbol>
      <symbol id="sm-79">
         <name>ADC12MCTL16</name>
         <value>0x840</value>
      </symbol>
      <symbol id="sm-7a">
         <name>ADC12MCTL16_L</name>
         <value>0x840</value>
      </symbol>
      <symbol id="sm-7b">
         <name>ADC12MCTL16_H</name>
         <value>0x841</value>
      </symbol>
      <symbol id="sm-7c">
         <name>ADC12MCTL17</name>
         <value>0x842</value>
      </symbol>
      <symbol id="sm-7d">
         <name>ADC12MCTL17_L</name>
         <value>0x842</value>
      </symbol>
      <symbol id="sm-7e">
         <name>ADC12MCTL17_H</name>
         <value>0x843</value>
      </symbol>
      <symbol id="sm-7f">
         <name>ADC12MCTL18</name>
         <value>0x844</value>
      </symbol>
      <symbol id="sm-80">
         <name>ADC12MCTL18_L</name>
         <value>0x844</value>
      </symbol>
      <symbol id="sm-81">
         <name>ADC12MCTL18_H</name>
         <value>0x845</value>
      </symbol>
      <symbol id="sm-82">
         <name>ADC12MCTL19</name>
         <value>0x846</value>
      </symbol>
      <symbol id="sm-83">
         <name>ADC12MCTL19_L</name>
         <value>0x846</value>
      </symbol>
      <symbol id="sm-84">
         <name>ADC12MCTL19_H</name>
         <value>0x847</value>
      </symbol>
      <symbol id="sm-85">
         <name>ADC12MCTL20</name>
         <value>0x848</value>
      </symbol>
      <symbol id="sm-86">
         <name>ADC12MCTL20_L</name>
         <value>0x848</value>
      </symbol>
      <symbol id="sm-87">
         <name>ADC12MCTL20_H</name>
         <value>0x849</value>
      </symbol>
      <symbol id="sm-88">
         <name>ADC12MCTL21</name>
         <value>0x84a</value>
      </symbol>
      <symbol id="sm-89">
         <name>ADC12MCTL21_L</name>
         <value>0x84a</value>
      </symbol>
      <symbol id="sm-8a">
         <name>ADC12MCTL21_H</name>
         <value>0x84b</value>
[...]
         <value>0x5ce</value>
      </symbol>
      <symbol id="sm-4a7">
         <name>UCA0TXBUF_L</name>
         <value>0x5ce</value>
      </symbol>
      <symbol id="sm-4a8">
         <name>UCA0TXBUF_H</name>
         <value>0x5cf</value>
      </symbol>
      <symbol id="sm-4a9">
         <name>UCA0ABCTL</name>
         <value>0x5d0</value>
      </symbol>
      <symbol id="sm-4aa">
         <name>UCA0IRCTL</name>
         <value>0x5d2</value>
      </symbol>
      <symbol id="sm-4ab">
         <name>UCA0IRCTL_L</name>
         <value>0x5d2</value>
      </symbol>
      <symbol id="sm-4ac">
         <name>UCA0IRCTL_H</name>
         <value>0x5d3</value>
      </symbol>
      <symbol id="sm-4ad">
         <name>UCA0IE</name>
         <value>0x5da</value>
      </symbol>
      <symbol id="sm-4ae">
         <name>UCA0IE_L</name>
         <value>0x5da</value>
      </symbol>
      <symbol id="sm-4af">
         <name>UCA0IE_H</name>
         <value>0x5db</value>
      </symbol>
      <symbol id="sm-4b0">
         <name>UCA0IFG</name>
         <value>0x5dc</value>
      </symbol>
      <symbol id="sm-4b1">
         <name>UCA0IFG_L</name>
         <value>0x5dc</value>
      </symbol>
      <symbol id="sm-4b2">
         <name>UCA0IFG_H</name>
         <value>0x5dd</value>
      </symbol>
      <symbol id="sm-4b3">
         <name>UCA0IV</name>
         <value>0x5de</value>
      </symbol>
      <symbol id="sm-4b4">
         <name>UCA1CTLW0</name>
         <value>0x5e0</value>
      </symbol>
      <symbol id="sm-4b5">
         <name>UCA1CTLW0_L</name>
         <value>0x5e0</value>
      </symbol>
      <symbol id="sm-4b6">
         <name>UCA1CTLW0_H</name>
         <value>0x5e1</value>
      </symbol>
      <symbol id="sm-4b7">
         <name>UCA1CTLW1</name>
         <value>0x5e2</value>
      </symbol>
      <symbol id="sm-4b8">
         <name>UCA1CTLW1_L</name>
         <value>0x5e2</value>
      </symbol>
      <symbol id="sm-4b9">
         <name>UCA1CTLW1_H</name>
         <value>0x5e3</value>
      </symbol>
      <symbol id="sm-4ba">
         <name>UCA1BRW</name>
         <value>0x5e6</value>
      </symbol>
      <symbol id="sm-4bb">
         <name>UCA1BRW_L</name>
         <value>0x5e6</value>
      </symbol>
      <symbol id="sm-4bc">
         <name>UCA1BRW_H</name>
         <value>0x5e7</value>
      </symbol>
      <symbol id="sm-4bd">
         <name>UCA1MCTLW</name>
         <value>0x5e8</value>
      </symbol>
      <symbol id="sm-4be">
         <name>UCA1MCTLW_L</name>
         <value>0x5e8</value>
      </symbol>
      <symbol id="sm-4bf">
         <name>UCA1MCTLW_H</name>
         <value>0x5e9</value>
      </symbol>
      <symbol id="sm-4c0">
         <name>UCA1STATW</name>
         <value>0x5ea</value>
      </symbol>
      <symbol id="sm-4c1">
         <name>UCA1RXBUF</name>
         <value>0x5ec</value>
      </symbol>
      <symbol id="sm-4c2">
         <name>UCA1RXBUF_L</name>
         <value>0x5ec</value>
      </symbol>
      <symbol id="sm-4c3">
         <name>UCA1RXBUF_H</name>
         <value>0x5ed</value>
      </symbol>
      <symbol id="sm-4c4">
         <name>UCA1TXBUF</name>
         <value>0x5ee</value>
      </symbol>
      <symbol id="sm-4c5">
         <name>UCA1TXBUF_L</name>
         <value>0x5ee</value>
      </symbol>
      <symbol id="sm-4c6">
         <name>UCA1TXBUF_H</name>
         <value>0x5ef</value>
      </symbol>
      <symbol id="sm-4c7">
         <name>UCA1ABCTL</name>
         <value>0x5f0</value>
      </symbol>
      <symbol id="sm-4c8">
         <name>UCA1IRCTL</name>
         <value>0x5f2</value>
      </symbol>
      <symbol id="sm-4c9">
         <name>UCA1IRCTL_L</name>
         <value>0x5f2</value>
      </symbol>
      <symbol id="sm-4ca">
         <name>UCA1IRCTL_H</name>
         <value>0x5f3</value>
      </symbol>
      <symbol id="sm-4cb">
         <name>UCA1IE</name>
         <value>0x5fa</value>
      </symbol>
      <symbol id="sm-4cc">
         <name>UCA1IE_L</name>
         <value>0x5fa</value>
      </symbol>
      <symbol id="sm-4cd">
         <name>UCA1IE_H</name>
         <value>0x5fb</value>
      </symbol>
      <symbol id="sm-4ce">
         <name>UCA1IFG</name>
         <value>0x5fc</value>
      </symbol>
      <symbol id="sm-4cf">
         <name>UCA1IFG_L</name>
         <value>0x5fc</value>
      </symbol>
      <symbol id="sm-4d0">
         <name>UCA1IFG_H</name>
         <value>0x5fd</value>
      </symbol>
      <symbol id="sm-4d1">
         <name>UCA1IV</name>
         <value>0x5fe</value>
      </symbol>
      <symbol id="sm-4d2">
         <name>UCB0CTLW0</name>
         <value>0x640</value>
      </symbol>
      <symbol id="sm-4d3">
         <name>UCB0CTLW0_L</name>
         <value>0x640</value>
      </symbol>
      <symbol id="sm-4d4">
         <name>UCB0CTLW0_H</name>
         <value>0x641</value>
      </symbol>
      <symbol id="sm-4d5">
         <name>UCB0CTLW1</name>
         <value>0x642</value>
      </symbol>
      <symbol id="sm-4d6">
         <name>UCB0CTLW1_L</name>
         <value>0x642</value>
      </symbol>
      <symbol id="sm-4d7">
         <name>UCB0CTLW1_H</name>
         <value>0x643</value>
      </symbol>
      <symbol id="sm-4d8">
         <name>UCB0BRW</name>
         <value>0x646</value>
      </symbol>
      <symbol id="sm-4d9">
         <name>UCB0BRW_L</name>
         <value>0x646</value>
      </symbol>
      <symbol id="sm-4da">
         <name>UCB0BRW_H</name>
         <value>0x647</value>
      </symbol>
      <symbol id="sm-4db">
         <name>UCB0STATW</name>
         <value>0x648</value>
      </symbol>
      <symbol id="sm-4dc">
         <name>UCB0STATW_L</name>
         <value>0x648</value>
      </symbol>
      <symbol id="sm-4dd">
         <name>UCB0STATW_H</name>
         <value>0x649</value>
      </symbol>
      <symbol id="sm-4de">
         <name>UCB0TBCNT</name>
         <value>0x64a</value>
      </symbol>
      <symbol id="sm-4df">
         <name>UCB0TBCNT_L</name>
         <value>0x64a</value>
      </symbol>
      <symbol id="sm-4e0">
         <name>UCB0TBCNT_H</name>
         <value>0x64b</value>
      </symbol>
      <symbol id="sm-4e1">
         <name>UCB0RXBUF</name>
         <value>0x64c</value>
      </symbol>
      <symbol id="sm-4e2">
         <name>UCB0RXBUF_L</name>
         <value>0x64c</value>
      </symbol>
      <symbol id="sm-4e3">
         <name>UCB0RXBUF_H</name>
         <value>0x64d</value>
      </symbol>
      <symbol id="sm-4e4">
         <name>UCB0TXBUF</name>
         <value>0x64e</value>
      </symbol>
      <symbol id="sm-4e5">
         <name>UCB0TXBUF_L</name>
         <value>0x64e</value>
      </symbol>
      <symbol id="sm-4e6">
         <name>UCB0TXBUF_H</name>
         <value>0x64f</value>
      </symbol>
      <symbol id="sm-4e7">
         <name>UCB0I2COA0</name>
         <value>0x654</value>
      </symbol>
      <symbol id="sm-4e8">
         <name>UCB0I2COA0_L</name>
         <value>0x654</value>
      </symbol>
      <symbol id="sm-4e9">
         <name>UCB0I2COA0_H</name>
         <value>0x655</value>
      </symbol>
      <symbol id="sm-4ea">
         <name>UCB0I2COA1</name>
         <value>0x656</value>
      </symbol>
      <symbol id="sm-4eb">
         <name>UCB0I2COA1_L</name>
         <value>0x656</value>
      </symbol>
      <symbol id="sm-4ec">
         <name>UCB0I2COA1_H</name>
         <value>0x657</value>
      </symbol>
      <symbol id="sm-4ed">
         <name>UCB0I2COA2</name>
         <value>0x658</value>
      </symbol>
      <symbol id="sm-4ee">
         <name>UCB0I2COA2_L</name>
         <value>0x658</value>
      </symbol>
      <symbol id="sm-4ef">
         <name>UCB0I2COA2_H</name>
         <value>0x659</value>
      </symbol>
      <symbol id="sm-4f0">
         <name>UCB0I2COA3</name>
         <value>0x65a</value>
      </symbol>
      <symbol id="sm-4f1">
         <name>UCB0I2COA3_L</name>
         <value>0x65a</value>
      </symbol>
      <symbol id="sm-4f2">
         <name>UCB0I2COA3_H</name>
         <value>0x65b</value>
      </symbol>
      <symbol id="sm-4f3">
         <name>UCB0ADDRX</name>
         <value>0x65c</value>
      </symbol>
      <symbol id="sm-4f4">
         <name>UCB0ADDRX_L</name>
         <value>0x65c</value>
      </symbol>
      <symbol id="sm-4f5">
         <name>UCB0ADDRX_H</name>
         <value>0x65d</value>
      </symbol>
      <symbol id="sm-4f6">
         <name>UCB0ADDMASK</name>
         <value>0x65e</value>
      </symbol>
      <symbol id="sm-4f7">
         <name>UCB0ADDMASK_L</name>
         <value>0x65e</value>
      </symbol>
      <symbol id="sm-4f8">
         <name>UCB0ADDMASK_H</name>
         <value>0x65f</value>
      </symbol>
      <symbol id="sm-4f9">
         <name>UCB0I2CSA</name>
         <value>0x660</value>
      </symbol>
      <symbol id="sm-4fa">
         <name>UCB0I2CSA_L</name>
         <value>0x660</value>
      </symbol>
      <symbol id="sm-4fb">
         <name>UCB0I2CSA_H</name>
         <value>0x661</value>
      </symbol>
      <symbol id="sm-4fc">
         <name>UCB0IE</name>
         <value>0x66a</value>
      </symbol>
      <symbol id="sm-4fd">
         <name>UCB0IE_L</name>
         <value>0x66a</value>
      </symbol>
      <symbol id="sm-4fe">
         <name>UCB0IE_H</name>
         <value>0x66b</value>
      </symbol>
      <symbol id="sm-4ff">
         <name>UCB0IFG</name>
         <value>0x66c</value>
      </symbol>
      <symbol id="sm-500">
         <name>UCB0IFG_L</name>
         <value>0x66c</value>
      </symbol>
      <symbol id="sm-501">
         <name>UCB0IFG_H</name>
         <value>0x66d</value>
      </symbol>
      <symbol id="sm-502">
         <name>UCB0IV</name>
         <value>0x66e</value>
      </symbol>
      <symbol id="sm-503">
         <name>UCB1CTLW0</name>
         <value>0x680</value>
      </symbol>
      <symbol id="sm-504">
         <name>UCB1CTLW0_L</name>
         <value>0x680</value>
      </symbol>
      <symbol id="sm-505">
         <name>UCB1CTLW0_H</name>
         <value>0x681</value>
      </symbol>
      <symbol id="sm-506">
         <name>UCB1CTLW1</name>
         <value>0x682</value>
      </symbol>
      <symbol id="sm-507">
         <name>UCB1CTLW1_L</name>
         <value>0x682</value>
      </symbol>
      <symbol id="sm-508">
         <name>UCB1CTLW1_H</name>
         <value>0x683</value>
      </symbol>
      <symbol id="sm-509">
         <name>UCB1BRW</name>
         <value>0x686</value>
      </symbol>
      <symbol id="sm-50a">
         <name>UCB1BRW_L</name>
         <value>0x686</value>
      </symbol>
      <symbol id="sm-50b">
         <name>UCB1BRW_H</name>
         <value>0x687</value>
      </symbol>
      <symbol id="sm-50c">
         <name>UCB1STATW</name>
         <value>0x688</value>
      </symbol>
      <symbol id="sm-50d">
         <name>UCB1STATW_L</name>
         <value>0x688</value>
      </symbol>
      <symbol id="sm-50e">
         <name>UCB1STATW_H</name>
         <value>0x689</value>
      </symbol>
      <symbol id="sm-50f">
         <name>UCB1TBCNT</name>
         <value>0x68a</value>
      </symbol>
      <symbol id="sm-510">
         <name>UCB1TBCNT_L</name>
         <value>0x68a</value>
      </symbol>
      <symbol id="sm-511">
         <name>UCB1TBCNT_H</name>
         <value>0x68b</value>
      </symbol>
      <symbol id="sm-512">
         <name>UCB1RXBUF</name>
         <value>0x68c</value>
      </symbol>
      <symbol id="sm-513">
         <name>UCB1RXBUF_L</name>
         <value>0x68c</value>
      </symbol>
      <symbol id="sm-514">
         <name>UCB1RXBUF_H</name>
         <value>0x68d</value>
      </symbol>
      <symbol id="sm-515">
         <name>UCB1TXBUF</name>
         <value>0x68e</value>
      </symbol>
      <symbol id="sm-516">
         <name>UCB1TXBUF_L</name>
         <value>0x68e</value>
      </symbol>
      <symbol id="sm-517">
         <name>UCB1TXBUF_H</name>
         <value>0x68f</value>
      </symbol>
      <symbol id="sm-518">
         <name>UCB1I2COA0</name>
         <value>0x694</value>
      </symbol>
      <symbol id="sm-519">
         <name>UCB1I2COA0_L</name>
         <value>0x694</value>
      </symbol>
      <symbol id="sm-51a">
         <name>UCB1I2COA0_H</name>
         <value>0x695</value>
      </symbol>
      <symbol id="sm-51b">
         <name>UCB1I2COA1</name>
         <value>0x696</value>
      </symbol>
      <symbol id="sm-51c">
         <name>UCB1I2COA1_L</name>
         <value>0x696</value>
      </symbol>
      <symbol id="sm-51d">
         <name>UCB1I2COA1_H</name>
         <value>0x697</value>
      </symbol>
      <symbol id="sm-51e">
         <name>UCB1I2COA2</name>
         <value>0x698</value>
      </symbol>
      <symbol id="sm-51f">
         <name>UCB1I2COA2_L</name>
         <value>0x698</value>
      </symbol>
      <symbol id="sm-520">
         <name>UCB1I2COA2_H</name>
         <value>0x699</value>
      </symbol>
      <symbol id="sm-521">
         <name>UCB1I2COA3</name>
         <value>0x69a</value>
      </symbol>
      <symbol id="sm-522">
         <name>UCB1I2COA3_L</name>
         <value>0x69a</value>
      </symbol>
      <symbol id="sm-523">
         <name>UCB1I2COA3_H</name>
         <value>0x69b</value>
      </symbol>
      <symbol id="sm-524">
         <name>UCB1ADDRX</name>
         <value>0x69c</value>
      </symbol>
      <symbol id="sm-525">
         <name>UCB1ADDRX_L</name>
         <value>0x69c</value>
      </symbol>
      <symbol id="sm-526">
         <name>UCB1ADDRX_H</name>
         <value>0x69d</value>
      </symbol>
      <symbol id="sm-527">
         <name>UCB1ADDMASK</name>
         <value>0x69e</value>
      </symbol>
      <symbol id="sm-528">
         <name>UCB1ADDMASK_L</name>
         <value>0x69e</value>
      </symbol>
      <symbol id="sm-529">
         <name>UCB1ADDMASK_H</name>
         <value>0x69f</value>
      </symbol>
      <symbol id="sm-52a">
         <name>UCB1I2CSA</name>
         <value>0x6a0</value>
      </symbol>
      <symbol id="sm-52b">
         <name>UCB1I2CSA_L</name>
         <value>0x6a0</value>
      </symbol>
      <symbol id="sm-52c">
         <name>UCB1I2CSA_H</name>
         <value>0x6a1</value>
      </symbol>
      <symbol id="sm-52d">
         <name>UCB1IE</name>
         <value>0x6aa</value>
      </symbol>
      <symbol id="sm-52e">
         <name>UCB1IE_L</name>
         <value>0x6aa</value>
      </symbol>
      <symbol id="sm-52f">
         <name>UCB1IE_H</name>
         <value>0x6ab</value>
      </symbol>
      <symbol id="sm-530">
         <name>UCB1IFG</name>
         <value>0x6ac</value>
      </symbol>
      <symbol id="sm-531">
         <name>UCB1IFG_L</name>
         <value>0x6ac</value>
      </symbol>
      <symbol id="sm-532">
         <name>UCB1IFG_H</name>
         <value>0x6ad</value>
      </symbol>
      <symbol id="sm-533">
         <name>UCB1IV</name>
         <value>0x6ae</value>
      </symbol>
      <symbol id="sm-534">
         <name>WDTCTL</name>
         <value>0x15c</value>
      </symbol>
      <symbol id="sm-535">
         <name>WDTCTL_L</name>
         <value>0x15c</value>
      </symbol>
      <symbol id="sm-536">
         <name>WDTCTL_H</name>
         <value>0x15d</value>
      </symbol>
      <symbol id="sm-537">
         <name>__STACK_SIZE</name>
         <value>0xa0</value>
      </symbol>
      <symbol id="sm-538">
         <name>__STACK_END</name>
         <value>0x2400</value>
      </symbol>
      <symbol id="sm-539">
         <name>__c_args__</name>
         <value>0xffffffff</value>
      </symbol>
      <symbol id="sm-53a">
         <name>__TI_pprof_out_hndl</name>
         <value>0xffffffff</value>
      </symbol>
      <symbol id="sm-53b">
         <name>__TI_prof_data_start</name>
         <value>0xffffffff</value>
      </symbol>
      <symbol id="sm-53c">
         <name>__TI_prof_data_size</name>
         <value>0xffffffff</value>
      </symbol>
      <symbol id="sm-60d">
         <name>gbuffer</name>
         <value>0x1c08</value>
      </symbol>
      <symbol id="sm-60e">
         <name>get_physical_address_from_virtual</name>
         <value>0xf48e</value>
         <object_component_ref idref="oc-685"/>
      </symbol>
      <symbol id="sm-60f">
         <name>main</name>
         <value>0xf4f2</value>
         <object_component_ref idref="oc-586"/>
      </symbol>
      <symbol id="sm-610">
         <name>timeout</name>
         <value>0x1c28</value>
         <object_component_ref idref="oc-5af"/>
      </symbol>
      <symbol id="sm-61e">
         <name>__mspabi_srll_8</name>
         <value>0xf558</value>
         <object_component_ref idref="oc-674"/>
      </symbol>
      <symbol id="sm-61f">
         <name>__mspabi_srll_9</name>
         <value>0xf554</value>
         <object_component_ref idref="oc-674"/>
      </symbol>
      <symbol id="sm-620">
         <name>__mspabi_srll_6</name>
         <value>0xf560</value>
         <object_component_ref idref="oc-674"/>
      </symbol>
      <symbol id="sm-621">
         <name>__mspabi_srll_7</name>
         <value>0xf55c</value>
         <object_component_ref idref="oc-674"/>
      </symbol>
      <symbol id="sm-622">
         <name>__mspabi_srll_4</name>
         <value>0xf568</value>
         <object_component_ref idref="oc-674"/>
      </symbol>
      <symbol id="sm-623">
         <name>__mspabi_srll_5</name>
         <value>0xf564</value>
         <object_component_ref idref="oc-674"/>
      </symbol>
      <symbol id="sm-624">
         <name>__mspabi_srll_2</name>
         <value>0xf570</value>
         <object_component_ref idref="oc-674"/>
      </symbol>
      <symbol id="sm-625">
         <name>__mspabi_srll_3</name>
         <value>0xf56c</value>
         <object_component_ref idref="oc-674"/>
      </symbol>
      <symbol id="sm-626">
         <name>__mspabi_srll_1</name>
         <value>0xf574</value>
         <object_component_ref idref="oc-674"/>
      </symbol>
      <symbol id="sm-627">
         <name>__mspabi_srll_15</name>
         <value>0xf53c</value>
         <object_component_ref idref="oc-674"/>
      </symbol>
      <symbol id="sm-628">
         <name>__mspabi_srll_14</name>
         <value>0xf540</value>
         <object_component_ref idref="oc-674"/>
      </symbol>
      <symbol id="sm-629">
         <name>__mspabi_srll_13</name>
         <value>0xf544</value>
         <object_component_ref idref="oc-674"/>
      </symbol>
      <symbol id="sm-62a">
         <name>__mspabi_srll_12</name>
         <value>0xf548</value>
         <object_component_ref idref="oc-674"/>
      </symbol>
      <symbol id="sm-62b">
         <name>__mspabi_srll_11</name>
         <value>0xf54c</value>
         <object_component_ref idref="oc-674"/>
      </symbol>
      <symbol id="sm-62c">
         <name>__mspabi_srll_10</name>
         <value>0xf550</value>
         <object_component_ref idref="oc-674"/>
      </symbol>
      <symbol id="sm-63b">
         <name>_c_int00_noinit_noargs</name>
         <value>0xf64a</value>
         <object_component_ref idref="oc-549"/>
      </symbol>
      <symbol id="sm-63c">
         <name>_stack</name>
         <value>0x2360</value>
         <object_component_ref idref="oc-545"/>
      </symbol>
      <symbol id="sm-63d">
         <name>_reset_vector</name>
         <value>0xfffe</value>
         <object_component_ref idref="oc-548"/>
      </symbol>
      <symbol id="sm-64b">
         <name>_system_pre_init</name>
         <value>0xf674</value>
         <object_component_ref idref="oc-580"/>
      </symbol>
      <symbol id="sm-657">
         <name>C$$EXIT</name>
         <value>0xf66e</value>
         <object_component_ref idref="oc-5c4"/>
      </symbol>
      <symbol id="sm-658">
         <name>abort</name>
         <value>0xf66e</value>
         <object_component_ref idref="oc-5c4"/>
      </symbol>
   </symbol_table>
   <title>Link successful</title>
</link_info>
